nohup: ignoring input
[CONFIG] Loading keys from: /home/aarav/Aarav/Tradingview recreation/phase1/services/../keys.env
Traceback (most recent call last):
  File "/home/aarav/.venv/bin/uvicorn", line 7, in <module>
    sys.exit(main())
  File "/home/aarav/.venv/lib/python3.10/site-packages/click/core.py", line 1161, in __call__
    return self.main(*args, **kwargs)
  File "/home/aarav/.venv/lib/python3.10/site-packages/click/core.py", line 1082, in main
    rv = self.invoke(ctx)
  File "/home/aarav/.venv/lib/python3.10/site-packages/click/core.py", line 1443, in invoke
    return ctx.invoke(self.callback, **ctx.params)
  File "/home/aarav/.venv/lib/python3.10/site-packages/click/core.py", line 788, in invoke
    return __callback(*args, **kwargs)
  File "/home/aarav/.venv/lib/python3.10/site-packages/uvicorn/main.py", line 424, in main
    run(
  File "/home/aarav/.venv/lib/python3.10/site-packages/uvicorn/main.py", line 594, in run
    server.run()
  File "/home/aarav/.venv/lib/python3.10/site-packages/uvicorn/server.py", line 67, in run
    return asyncio_run(self.serve(sockets=sockets), loop_factory=self.config.get_loop_factory())
  File "/home/aarav/.venv/lib/python3.10/site-packages/uvicorn/_compat.py", line 60, in asyncio_run
    return loop.run_until_complete(main)
  File "uvloop/loop.pyx", line 1518, in uvloop.loop.Loop.run_until_complete
  File "/home/aarav/.venv/lib/python3.10/site-packages/uvicorn/server.py", line 71, in serve
    await self._serve(sockets)
  File "/home/aarav/.venv/lib/python3.10/site-packages/uvicorn/server.py", line 78, in _serve
    config.load()
  File "/home/aarav/.venv/lib/python3.10/site-packages/uvicorn/config.py", line 439, in load
    self.loaded_app = import_from_string(self.app)
  File "/home/aarav/.venv/lib/python3.10/site-packages/uvicorn/importer.py", line 19, in import_from_string
    module = importlib.import_module(module_str)
  File "/usr/lib/python3.10/importlib/__init__.py", line 126, in import_module
    return _bootstrap._gcd_import(name[level:], package, level)
  File "<frozen importlib._bootstrap>", line 1050, in _gcd_import
  File "<frozen importlib._bootstrap>", line 1027, in _find_and_load
  File "<frozen importlib._bootstrap>", line 992, in _find_and_load_unlocked
  File "<frozen importlib._bootstrap>", line 241, in _call_with_frames_removed
  File "<frozen importlib._bootstrap>", line 1050, in _gcd_import
  File "<frozen importlib._bootstrap>", line 1027, in _find_and_load
  File "<frozen importlib._bootstrap>", line 1006, in _find_and_load_unlocked
  File "<frozen importlib._bootstrap>", line 688, in _load_unlocked
  File "<frozen importlib._bootstrap_external>", line 883, in exec_module
  File "<frozen importlib._bootstrap>", line 241, in _call_with_frames_removed
  File "/home/aarav/Aarav/Tradingview recreation/phase1/services/api/__init__.py", line 2, in <module>
    from .main import app, create_app
  File "/home/aarav/Aarav/Tradingview recreation/phase1/services/api/main.py", line 274, in <module>
    app = create_app()
  File "/home/aarav/Aarav/Tradingview recreation/phase1/services/api/main.py", line 162, in create_app
    settings = get_settings()
  File "/home/aarav/Aarav/Tradingview recreation/phase1/services/config.py", line 133, in get_settings
    return Settings()
  File "/home/aarav/.venv/lib/python3.10/site-packages/pydantic_settings/main.py", line 194, in __init__
    super().__init__(
  File "/home/aarav/.venv/lib/python3.10/site-packages/pydantic/main.py", line 250, in __init__
    validated_self = self.__pydantic_validator__.validate_python(data, self_instance=self)
pydantic_core._pydantic_core.ValidationError: 1 validation error for Settings
profile
  Input should be 'dev' or 'prod' [type=literal_error, input_value='demo', input_type=str]
    For further information visit https://errors.pydantic.dev/2.12/v/literal_error
